%%%%%%%%%%%%%%%%%%%%%%%%%%%%%%%%%%%%%%%%%%%%%%%%%%%%%%%%%%%%%%%%%%%%%%%%%%%%%%%%
                          S u m m a r y   R e p o r t
%%%%%%%%%%%%%%%%%%%%%%%%%%%%%%%%%%%%%%%%%%%%%%%%%%%%%%%%%%%%%%%%%%%%%%%%%%%%%%%%

Compilation
-----------
File     : /projects/jmmp/dbruciaf/NEMO/CHECKOUTS_RELEASE-4.0-HEAD/NEMO_4.0-HEAD_test_MEs/tools/DOMAINcfg/src/domcfg.f90
Compiled : 04/29/22  10:44:28
Compiler : Version 8.3.4
Ftnlx    : Version 8318 (libcif 83016)
Target   : x86-64
Command  : ftn_driver.exe -hcpu=haswell -hstatic -D__CRAYXC -D__CRAY_HASWELL
           -D__CRAYXT_COMPUTE_LINUX_TARGET -hnetwork=aries -odomcfg.o
           -I/projects/jmmp/dbruciaf/NEMO/CHECKOUTS_RELEASE-4.0-HEAD/NEMO_4.0-HE
           AD_test_MEs/tools/DOMAINcfg/BLD/inc -sreal64 -sinteger32 -Ovector0
           -hfp0 -O0 -hflex_mp=intolerant -eCID
           -I/opt/cray/netcdf-hdf5parallel/4.3.2/CRAY/83/include
           -I/opt/cray/hdf5-parallel/1.8.13/CRAY/83/include
           -I/common/moci/modules/packages/XIOS/2.0/24708/952/inc
           -I/common/moci/modules/packages/oasis3-mct/2.0/24708/1765/build/lib/m
           ct
           -I/common/moci/modules/packages/oasis3-mct/2.0/24708/1765/build/lib/p
           smile.MPI1 -c -I/opt/cray/cce/8.3.4/craylibs/x86-64/include
           -I/opt/cray/netcdf-hdf5parallel/4.3.2/CRAY/83/include
           -I/opt/cray/hdf5-parallel/1.8.13/CRAY/83/include
           -I/opt/cray/libsci/13.0.1/CRAY/83/haswell/include
           -I/opt/cray/mpt/7.0.4/gni/mpich2-cray/83/include
           -I/opt/cray/rca/1.0.0-2.0502.60530.1.62.ari/include
           -I/opt/cray/alps/5.2.4-2.0502.9774.31.11.ari/include
           -I/opt/cray/xpmem/0.1-2.0502.64982.5.3.ari/include
           -I/opt/cray/gni-headers/4.0-1.0502.10859.7.8.ari/include
           -I/opt/cray/dmapp/7.0.1-1.0502.11080.8.76.ari/include
           -I/opt/cray/pmi/5.0.5-1.0000.10300.134.8.ari/include
           -I/opt/cray/ugni/6.0-1.0502.10863.8.29.ari/include
           -I/opt/cray/udreg/2.3.2-1.0502.10518.2.17.ari/include
           -I/opt/cray/cce/8.3.4/craylibs/x86-64/pkgconfig/../include
           -I/opt/cray/cce/8.3.4/craylibs/x86-64/include
           -I/opt/cray/wlm_detect/1.0-1.0502.64649.2.1.ari/include
           -I/opt/cray/krca/1.0.0-2.0502.63139.4.31.ari/include
           -I/opt/cray-hss-devel/7.2.0/include /projects/jmmp/dbruciaf/NEMO/CHEC
           KOUTS_RELEASE-4.0-HEAD/NEMO_4.0-HEAD_test_MEs/tools/DOMAINcfg/src/dom
           cfg.f90

ftnlx report
------------
Source   : /projects/jmmp/dbruciaf/NEMO/CHECKOUTS_RELEASE-4.0-HEAD/tools_r4.0-HEAD_dev_MEs/DOMAINcfg/BLD/tmp//projects/jmmp/dbruciaf/NEMO/CHECKOUTS_RELEASE-4.0-HEAD/NEMO_4.0-HEAD_test_MEs/tools/DOMAINcfg/src/domcfg.f90
Date     : 04/29/2022  10:44:28


%%%%%%%%%%%%%%%%%%%%%%%%%%%%%%%%%%%%%%%%%%%%%%%%%%%%%%%%%%%%%%%%%%%%%%%%%%%%%%%%
                          S o u r c e   L i s t i n g
%%%%%%%%%%%%%%%%%%%%%%%%%%%%%%%%%%%%%%%%%%%%%%%%%%%%%%%%%%%%%%%%%%%%%%%%%%%%%%%%

    1.    MODULE domcfg
    2.       !!==============================================================================
    3.       !!                       ***  MODULE domcfg   ***
    4.       !! Ocean initialization : domain configuration initialization
    5.       !!==============================================================================
    6.       !! History :  1.0  ! 2003-09  (G. Madec)  Original code
    7.       !!            3.2  ! 2009-07  (R. Benshila) Suppression of rigid-lid option
    8.       !!----------------------------------------------------------------------
    9.    
   10.       !!----------------------------------------------------------------------
   11.       !!   dom_cfg        : initialize the domain configuration
   12.       !!----------------------------------------------------------------------
   13.       USE dom_oce         ! ocean space and time domain
                 ^                                             
ftn-1193 ftn: CAUTION DOMCFG, File = domcfg.f90, Line = 13, Column = 8 
  Module "PAR_KIND" is indirectly used in module "DOM_OCE" and is from file
  "/projects/jmmp/dbruciaf/NEMO/CHECKOUTS_RELEASE-4.0-HEAD/tools_r4.0-HEAD_dev_MEs/DOMAINcfg/BLD/tmp/par_kind.o".  That file no
  longer exists.

                 ^                                             
ftn-1193 ftn: CAUTION DOMCFG, File = domcfg.f90, Line = 13, Column = 8 
  Module "PAR_OCE" is indirectly used in module "DOM_OCE" and is from file
  "/projects/jmmp/dbruciaf/NEMO/CHECKOUTS_RELEASE-4.0-HEAD/tools_r4.0-HEAD_dev_MEs/DOMAINcfg/BLD/tmp/par_oce.o".  That file no
  longer exists.

   14.       USE phycst          ! physical constants
   15.       USE in_out_manager  ! I/O manager
                 ^                             
ftn-1193 ftn: CAUTION DOMCFG, File = domcfg.f90, Line = 15, Column = 8 
  Module "NC4INTERFACE" is indirectly used in module "IN_OUT_MANAGER" and is from file
  "/projects/jmmp/dbruciaf/NEMO/CHECKOUTS_RELEASE-4.0-HEAD/tools_r4.0-HEAD_dev_MEs/DOMAINcfg/BLD/tmp/nc4interface.o".  That file no
  longer exists.

   16.       USE lib_mpp         ! distributed memory computing library
   17.       USE timing          ! Timing
   18.    
   19.       IMPLICIT NONE
   20.       PRIVATE
   21.    
   22.       PUBLIC   dom_cfg    ! called by opa.F90
   23.    
   24.       !!----------------------------------------------------------------------
   25.       !! NEMO/OPA 3.2 , LODYC-IPSL  (2009)
   26.       !! $Id: domcfg.F90 6140 2015-12-21 11:35:23Z timgraham $ 
   27.       !! Software governed by the CeCILL licence     (./LICENSE)
   28.       !!----------------------------------------------------------------------
   29.    CONTAINS
   30.    
   31.       SUBROUTINE dom_cfg
   32.          !!----------------------------------------------------------------------
   33.          !!                  ***  ROUTINE dom_cfg  ***
   34.          !!                    
   35.          !! ** Purpose :   set the domain configuration
   36.          !!
   37.          !!----------------------------------------------------------------------
   38.          !
   39.          IF( nn_timing == 1 )  CALL timing_start('dom_cfg')
   40.          !
   41.          IF(lwp) THEN                   ! Control print
   42.             WRITE(numout,*)
   43.             WRITE(numout,*) 'dom_cfg : set the ocean configuration'
   44.             WRITE(numout,*) '~~~~~~~ '
   45.             WRITE(numout,*) '   ocean model configuration used :   cp_cfg = ', cp_cfg, ' jp_cfg = ', jp_cfg
   46.             !
   47.             WRITE(numout,*) '   global domain lateral boundaries'
   48.             !
   49.             IF( jperio == 0 )   WRITE(numout,*) '      jperio= 0, closed'
   50.             IF( jperio == 1 )   WRITE(numout,*) '      jperio= 1, cyclic east-west'
   51.             IF( jperio == 2 )   WRITE(numout,*) '      jperio= 2, equatorial symmetric'
   52.             IF( jperio == 3 )   WRITE(numout,*) '      jperio= 3, north fold with T-point pivot'
   53.             IF( jperio == 4 )   WRITE(numout,*) '      jperio= 4, cyclic east-west and north fold with T-point pivot'
   54.             IF( jperio == 5 )   WRITE(numout,*) '      jperio= 5, north fold with F-point pivot'
   55.             IF( jperio == 6 )   WRITE(numout,*) '      jperio= 6, cyclic east-west and north fold with F-point pivot'
   56.          ENDIF
   57.          !
   58.          IF( jperio <  0 .OR. jperio > 6 )   CALL ctl_stop( 'jperio is out of range' )
   59.          !
   60.          CALL dom_glo                   ! global domain versus zoom and/or local domain
   61.          !
   62.          IF( nn_timing == 1 )  CALL timing_stop('dom_cfg')
   63.          !
   64.       END SUBROUTINE dom_cfg
   65.    
   66.    
   67.       SUBROUTINE dom_glo
   68.          !!----------------------------------------------------------------------
   69.          !!                     ***  ROUTINE dom_glo  ***
   70.          !!
   71.          !! ** Purpose :   initialization for global domain, zoom and local domain
   72.          !!
   73.          !! ** Method  :   
   74.          !!
   75.          !! ** Action  : - mig  , mjg : 
   76.          !!              - mi0  , mi1   :
   77.          !!              - mj0, , mj1   :
   78.          !!----------------------------------------------------------------------
   79.          INTEGER ::   ji, jj   ! dummy loop argument
   80.          !!----------------------------------------------------------------------
   81.          !                              ! recalculate jpizoom/jpjzoom given lat/lon
   82.          !
   83.          !                        ! ============== !
   84.          !                        !  Local domain  ! 
   85.          !                        ! ============== !
   86.          DO ji = 1, jpi                 ! local domain indices ==> data domain indices
   87.            mig(ji) = ji + jpizoom - 1 + nimpp - 1
   88.          END DO
   89.          DO jj = 1, jpj
   90.            mjg(jj) = jj + jpjzoom - 1 + njmpp - 1
   91.          END DO
   92.          !
   93.          !                              ! data domain indices ==> local domain indices
   94.          !                                   ! (return (m.0,m.1)=(1,0) if data domain gridpoint is to the west/south of the 
   95.          !                                   !local domain, or (m.0,m.1)=(jp.+1,jp.) to the east/north of local domain. 
   96.          DO ji = 1, jpidta
   97.            mi0(ji) = MAX( 1, MIN( ji - jpizoom + 1 - nimpp + 1, jpi+1 ) )
   98.            mi1(ji) = MAX( 0, MIN( ji - jpizoom + 1 - nimpp + 1, jpi   ) )
   99.          END DO
  100.          DO jj = 1, jpjdta
  101.            mj0(jj) = MAX( 1, MIN( jj - jpjzoom + 1 - njmpp + 1, jpj+1 ) )
  102.            mj1(jj) = MAX( 0, MIN( jj - jpjzoom + 1 - njmpp + 1, jpj   ) )
  103.          END DO
  104.          IF(lwp) THEN                   ! control print
  105.             WRITE(numout,*)
  106.             WRITE(numout,*) 'dom_glo : domain: data / local '
  107.             WRITE(numout,*) '~~~~~~~ '
  108.             WRITE(numout,*) '          data input domain    : jpidta = ', jpidta,   &
  109.                &                                            ' jpjdta = ', jpjdta, ' jpkdta = ', jpkdta
  110.             WRITE(numout,*) '          global or zoom domain: jpiglo = ', jpiglo,   &
  111.                &                                            ' jpjglo = ', jpjglo, ' jpk    = ', jpk
  112.             WRITE(numout,*) '          local domain         : jpi    = ', jpi   ,   &
  113.                &                                            ' jpj    = ', jpj   , ' jpk    = ', jpk
  114.             WRITE(numout,*)
  115.             WRITE(numout,*) '          south-west indices    jpizoom = ', jpizoom,   &
  116.                &                                           ' jpjzoom = ', jpjzoom
  117.             IF( nn_print >= 1 ) THEN
  118.                WRITE(numout,*)
  119.                WRITE(numout,*) '          conversion local  ==> data i-index domain'
  120.                WRITE(numout,25)              (mig(ji),ji = 1,jpi)
  121.                WRITE(numout,*)
  122.                WRITE(numout,*) '          conversion data   ==> local  i-index domain'
  123.                WRITE(numout,*) '             starting index'
  124.                WRITE(numout,25)              (mi0(ji),ji = 1,jpidta)
  125.                WRITE(numout,*) '             ending index'
  126.                WRITE(numout,25)              (mi1(ji),ji = 1,jpidta)
  127.                WRITE(numout,*)
  128.                WRITE(numout,*) '          conversion local  ==> data j-index domain'
  129.                WRITE(numout,25)              (mjg(jj),jj = 1,jpj)
  130.                WRITE(numout,*)
  131.                WRITE(numout,*) '          conversion data  ==> local j-index domain'
  132.                WRITE(numout,*) '             starting index'
  133.                WRITE(numout,25)              (mj0(jj),jj = 1,jpjdta)
  134.                WRITE(numout,*) '             ending index'
  135.                WRITE(numout,25)              (mj1(jj),jj = 1,jpjdta)
  136.             ENDIF
  137.          ENDIF
  138.     25   FORMAT( 100(10x,19i4,/) )
  139.    
  140.          !                        ! ============== !
  141.          !                        !  Zoom domain   !
  142.          !                        ! ============== !
  143.          !                              ! zoom control
  144.          IF( jpiglo + jpizoom - 1  >  jpidta .OR.   &
  145.              jpjglo + jpjzoom - 1  >  jpjdta      ) &
  146.              &   CALL ctl_stop( ' global or zoom domain exceed the data domain ! ' )
  147.    
  148.          !                              ! set zoom flag
  149.          IF( jpiglo < jpidta .OR. jpjglo < jpjdta )   lzoom = .TRUE.
  150.    
  151.          !                              ! set zoom type flags
  152.          IF( lzoom .AND. jpizoom /= 1 )   lzoom_w = .TRUE.                     ! 
  153.          IF( lzoom .AND. jpjzoom /= 1 )   lzoom_s = .TRUE.
  154.          IF( lzoom .AND. jpiglo + jpizoom -1 /= jpidta )   lzoom_e = .TRUE.
  155.          IF( lzoom .AND. jpjglo + jpjzoom -1 /= jpjdta )   lzoom_n = .TRUE.
  156.          IF(lwp) THEN
  157.             WRITE(numout,*)
  158.             WRITE(numout,*) '          zoom flags : '
  159.             WRITE(numout,*) '             lzoom   = ', lzoom  , ' (T = zoom, F = global )'
  160.             WRITE(numout,*) '             lzoom_e = ', lzoom_e, ' (T = forced closed east  boundary)'
  161.             WRITE(numout,*) '             lzoom_w = ', lzoom_w, ' (T = forced closed west  boundary)'
  162.             WRITE(numout,*) '             lzoom_s = ', lzoom_s, ' (T = forced closed South boundary)'
  163.             WRITE(numout,*) '             lzoom_n = ', lzoom_n, ' (T = forced closed North boundary)'
  164.          ENDIF
  165.          IF(  ( lzoom_e .OR. lzoom_w )  .AND.  ( jperio == 1 .OR. jperio == 4 .OR. jperio == 6 )  )   &
  166.               &   CALL ctl_stop( ' Your zoom choice is inconsistent with east-west cyclic boundary condition' )
  167.          IF(  lzoom_n  .AND.  ( 3 <= jperio .AND. jperio <= 6 )  )   &
  168.               &   CALL ctl_stop( ' Your zoom choice is inconsistent with North fold boundary condition' )
  169.    
  170.          !                              ! Pre-defined arctic/antarctic zoom of ORCA configuration flag
  171.          IF( cp_cfg == "orca" ) THEN
  172.             SELECT CASE ( jp_cfg )
  173.             CASE ( 2 )                               !  ORCA_R2 configuration
  174.                IF(  cp_cfz == "arctic"    .AND. jpiglo  == 142    .AND. jpjglo  ==  53 .AND.   &
  175.                   & jpizoom ==  21    .AND. jpjzoom ==  97         )   THEN
  176.                  IF(lwp) WRITE(numout,*) '          ORCA configuration: arctic zoom '
  177.                ENDIF
  178.                IF(  cp_cfz == "antarctic" .AND. jpiglo  == jpidta .AND. jpjglo  ==  50 .AND.   &
  179.                   & jpizoom ==   1    .AND. jpjzoom ==   1         )   THEN
  180.                  IF(lwp) WRITE(numout,*) '          ORCA configuration: antarctic zoom '
  181.                ENDIF
  182.                !                             
  183.             CASE ( 05 )                              !  ORCA_R05 configuration
  184.                IF(    cp_cfz == "arctic"    .AND. jpiglo  == 562    .AND. jpjglo  == 202 .AND.   &
  185.                   & jpizoom ==  81    .AND. jpjzoom == 301         )   THEN
  186.                  IF(lwp) WRITE(numout,*) '          ORCA configuration: arctic zoom '
  187.                ENDIF
  188.                IF(    cp_cfz == "antarctic" .AND. jpiglo  == jpidta .AND. jpjglo  == 187 .AND.   &
  189.                   & jpizoom ==   1    .AND. jpjzoom ==   1         )   THEN
  190.                  IF(lwp) WRITE(numout,*) '          ORCA configuration: antarctic zoom '
  191.                ENDIF
  192.             END SELECT
  193.             !
  194.          ENDIF
  195.          !
  196.       END SUBROUTINE dom_glo
  197.    
  198.       !!======================================================================
  199.    END MODULE domcfg


%%%%%%%%%%%%%%%%%%%%%%%%%%%%%%%%%%%%%%%%%%%%%%%%%%%%%%%%%%%%%%%%%%%%%%%%%%%%%%%%
                         E x t e r n a l   R e p o r t
%%%%%%%%%%%%%%%%%%%%%%%%%%%%%%%%%%%%%%%%%%%%%%%%%%%%%%%%%%%%%%%%%%%%%%%%%%%%%%%%

Name  Messages
----  --------
AGRIF_CFIXED in DOM_OCE
      Defined as:  No definitions.

                   No calls.  It is not called and does not use any procedure.

      Interface:   None

Name  Messages
----  --------
AGRIF_ROOT in DOM_OCE
      Defined as:  No definitions.

                   No calls.  It is not called and does not use any procedure.

      Interface:   None

Name  Messages
----  --------
CTL_NAM in LIB_MPP
      Defined as:  No definitions.

                   No calls.  It is not called and does not use any procedure.

      Interface:   None

Name  Messages
----  --------
CTL_OPN in LIB_MPP
      Defined as:  No definitions.

                   No calls.  It is not called and does not use any procedure.

      Interface:   None

Name  Messages
----  --------
CTL_STOP in LIB_MPP
      Defined as:  No definitions.

      Interface:   None

      Called By:   DOM_CFG in DOMCFG (Line 58, file domcfg.f90)
                   DOM_GLO in DOMCFG (Line 146, file domcfg.f90)
                   DOM_GLO in DOMCFG (Line 166, file domcfg.f90)
                   DOM_GLO in DOMCFG (Line 168, file domcfg.f90)

Name  Messages
----  --------
CTL_WARN in LIB_MPP
      Defined as:  No definitions.

                   No calls.  It is not called and does not use any procedure.

      Interface:   None

Name  Messages
----  --------
DOMCFG
      Defined as:  Module (line 1, file domcfg.f90)

        Uses:      PAR_KIND  (indirectly)
                   PAR_OCE  (indirectly)
                   PHYCST
                   IN_OUT_MANAGER
                   PAR_KIND  (indirectly)
                   NC4INTERFACE  (indirectly)
                   PAR_OCE  (indirectly)
                   LIB_MPP
                   PAR_OCE  (indirectly)
                   DOM_OCE  (indirectly)
                   TIMING

Name  Messages
----  --------
DOM_CFG in DOMCFG
      Defined as:  Subroutine (line 22, file domcfg.f90)

      Interface:   None

      Calls:       DOM_GLO in DOMCFG (Line 60, file domcfg.f90)
                   CTL_STOP in LIB_MPP (Line 58, file domcfg.f90)
                   TIMING_START in TIMING (Line 39, file domcfg.f90)
                   TIMING_STOP in TIMING (Line 62, file domcfg.f90)

Name  Messages
----  --------
DOM_GLO in DOMCFG
      Defined as:  Subroutine (line 67, file domcfg.f90)

      Interface:   None

      Called By:   DOM_CFG in DOMCFG (Line 60, file domcfg.f90)

      Calls:       CTL_STOP in LIB_MPP (Line 146, file domcfg.f90)
                   CTL_STOP in LIB_MPP (Line 166, file domcfg.f90)
                   CTL_STOP in LIB_MPP (Line 168, file domcfg.f90)
                   MIN(Intrinsic) (Line 97, file domcfg.f90)
                   MIN(Intrinsic) (Line 98, file domcfg.f90)
                   MIN(Intrinsic) (Line 101, file domcfg.f90)
                   MIN(Intrinsic) (Line 102, file domcfg.f90)
                   MAX(Intrinsic) (Line 97, file domcfg.f90)
                   MAX(Intrinsic) (Line 98, file domcfg.f90)
                   MAX(Intrinsic) (Line 101, file domcfg.f90)
                   MAX(Intrinsic) (Line 102, file domcfg.f90)

Name  Messages
----  --------
DOM_OCE
      Defined as:  No definitions.

      Used By:     DOMCFG  (indirectly)

Name  Messages
----  --------
DOM_OCE_ALLOC in DOM_OCE
      Defined as:  No definitions.

                   No calls.  It is not called and does not use any procedure.

      Interface:   None

Name  Messages
----  --------
GET_NF90_SYMBOL in NC4INTERFACE
      Defined as:  No definitions.

                   No calls.  It is not called and does not use any procedure.

      Interface:   None

Name  Messages
----  --------
GET_UNIT in LIB_MPP
      Defined as:  No definitions.

                   No calls.  It is not called and does not use any procedure.

      Interface:   None

Name  Messages
----  --------
IN_OUT_MANAGER
      Defined as:  No definitions.

      Used By:     DOMCFG

Name  Messages
----  --------
LIB_MPP
      Defined as:  No definitions.

      Used By:     DOMCFG

Name  Messages
----  --------
MAX(Intrinsic)
      Defined as:  No definitions.

      Interface:   None

      Called By:   DOM_GLO in DOMCFG (Line 97, file domcfg.f90)
                   DOM_GLO in DOMCFG (Line 98, file domcfg.f90)
                   DOM_GLO in DOMCFG (Line 101, file domcfg.f90)
                   DOM_GLO in DOMCFG (Line 102, file domcfg.f90)

Name  Messages
----  --------
MIN(Intrinsic)
      Defined as:  No definitions.

      Interface:   None

      Called By:   DOM_GLO in DOMCFG (Line 97, file domcfg.f90)
                   DOM_GLO in DOMCFG (Line 98, file domcfg.f90)
                   DOM_GLO in DOMCFG (Line 101, file domcfg.f90)
                   DOM_GLO in DOMCFG (Line 102, file domcfg.f90)

Name  Messages
----  --------
MPPBCAST_A_REAL in LIB_MPP
      Defined as:  No definitions.

                   No calls.  It is not called and does not use any procedure.

      Interface:   None

Name  Messages
----  --------
MPPGATHER in LIB_MPP
      Defined as:  No definitions.

                   No calls.  It is not called and does not use any procedure.

      Interface:   None

Name  Messages
----  --------
MPPMAX_A_INT in LIB_MPP
      Defined as:  No definitions.

                   No calls.  It is not called and does not use any procedure.

      Interface:   None

Name  Messages
----  --------
MPPMAX_A_REAL in LIB_MPP
      Defined as:  No definitions.

                   No calls.  It is not called and does not use any procedure.

      Interface:   None

Name  Messages
----  --------
MPPMAX_INT in LIB_MPP
      Defined as:  No definitions.

                   No calls.  It is not called and does not use any procedure.

      Interface:   None

Name  Messages
----  --------
MPPMAX_REAL in LIB_MPP
      Defined as:  No definitions.

                   No calls.  It is not called and does not use any procedure.

      Interface:   None

Name  Messages
----  --------
MPPMAX_REAL_MULTIPLE in LIB_MPP
      Defined as:  No definitions.

                   No calls.  It is not called and does not use any procedure.

      Interface:   None

Name  Messages
----  --------
MPPMIN_A_INT in LIB_MPP
      Defined as:  No definitions.

                   No calls.  It is not called and does not use any procedure.

      Interface:   None

Name  Messages
----  --------
MPPMIN_A_REAL in LIB_MPP
      Defined as:  No definitions.

                   No calls.  It is not called and does not use any procedure.

      Interface:   None

Name  Messages
----  --------
MPPMIN_INT in LIB_MPP
      Defined as:  No definitions.

                   No calls.  It is not called and does not use any procedure.

      Interface:   None

Name  Messages
----  --------
MPPMIN_REAL in LIB_MPP
      Defined as:  No definitions.

                   No calls.  It is not called and does not use any procedure.

      Interface:   None

Name  Messages
----  --------
MPPRECV in LIB_MPP
      Defined as:  No definitions.

                   No calls.  It is not called and does not use any procedure.

      Interface:   None

Name  Messages
----  --------
MPPSCATTER in LIB_MPP
      Defined as:  No definitions.

                   No calls.  It is not called and does not use any procedure.

      Interface:   None

Name  Messages
----  --------
MPPSEND in LIB_MPP
      Defined as:  No definitions.

                   No calls.  It is not called and does not use any procedure.

      Interface:   None

Name  Messages
----  --------
MPPSTOP in LIB_MPP
      Defined as:  No definitions.

                   No calls.  It is not called and does not use any procedure.

      Interface:   None

Name  Messages
----  --------
MPPSUM_A_INT in LIB_MPP
      Defined as:  No definitions.

                   No calls.  It is not called and does not use any procedure.

      Interface:   None

Name  Messages
----  --------
MPPSUM_A_REAL in LIB_MPP
      Defined as:  No definitions.

                   No calls.  It is not called and does not use any procedure.

      Interface:   None

Name  Messages
----  --------
MPPSUM_A_REALDD in LIB_MPP
      Defined as:  No definitions.

                   No calls.  It is not called and does not use any procedure.

      Interface:   None

Name  Messages
----  --------
MPPSUM_INT in LIB_MPP
      Defined as:  No definitions.

                   No calls.  It is not called and does not use any procedure.

      Interface:   None

Name  Messages
----  --------
MPPSUM_REAL in LIB_MPP
      Defined as:  No definitions.

                   No calls.  It is not called and does not use any procedure.

      Interface:   None

Name  Messages
----  --------
MPPSUM_REALDD in LIB_MPP
      Defined as:  No definitions.

                   No calls.  It is not called and does not use any procedure.

      Interface:   None

Name  Messages
----  --------
MPPSYNC in LIB_MPP
      Defined as:  No definitions.

                   No calls.  It is not called and does not use any procedure.

      Interface:   None

Name  Messages
----  --------
MPP_COMM_FREE in LIB_MPP
      Defined as:  No definitions.

                   No calls.  It is not called and does not use any procedure.

      Interface:   None

Name  Messages
----  --------
MPP_INI_ICE in LIB_MPP
      Defined as:  No definitions.

                   No calls.  It is not called and does not use any procedure.

      Interface:   None

Name  Messages
----  --------
MPP_INI_NORTH in LIB_MPP
      Defined as:  No definitions.

                   No calls.  It is not called and does not use any procedure.

      Interface:   None

Name  Messages
----  --------
MPP_INI_ZNL in LIB_MPP
      Defined as:  No definitions.

                   No calls.  It is not called and does not use any procedure.

      Interface:   None

Name  Messages
----  --------
MPP_LBC_NORTH_2D in LIB_MPP
      Defined as:  No definitions.

                   No calls.  It is not called and does not use any procedure.

      Interface:   None

Name  Messages
----  --------
MPP_LBC_NORTH_3D in LIB_MPP
      Defined as:  No definitions.

                   No calls.  It is not called and does not use any procedure.

      Interface:   None

Name  Messages
----  --------
MPP_LBC_NORTH_E in LIB_MPP
      Defined as:  No definitions.

                   No calls.  It is not called and does not use any procedure.

      Interface:   None

Name  Messages
----  --------
MPP_LBC_NORTH_ICB in LIB_MPP
      Defined as:  No definitions.

                   No calls.  It is not called and does not use any procedure.

      Interface:   None

Name  Messages
----  --------
MPP_LNK_2D in LIB_MPP
      Defined as:  No definitions.

                   No calls.  It is not called and does not use any procedure.

      Interface:   None

Name  Messages
----  --------
MPP_LNK_2D_9 in LIB_MPP
      Defined as:  No definitions.

                   No calls.  It is not called and does not use any procedure.

      Interface:   None

Name  Messages
----  --------
MPP_LNK_2D_E in LIB_MPP
      Defined as:  No definitions.

                   No calls.  It is not called and does not use any procedure.

      Interface:   None

Name  Messages
----  --------
MPP_LNK_2D_ICB in LIB_MPP
      Defined as:  No definitions.

                   No calls.  It is not called and does not use any procedure.

      Interface:   None

Name  Messages
----  --------
MPP_LNK_2D_MULTIPLE in LIB_MPP
      Defined as:  No definitions.

                   No calls.  It is not called and does not use any procedure.

      Interface:   None

Name  Messages
----  --------
MPP_LNK_3D in LIB_MPP
      Defined as:  No definitions.

                   No calls.  It is not called and does not use any procedure.

      Interface:   None

Name  Messages
----  --------
MPP_LNK_3D_GATHER in LIB_MPP
      Defined as:  No definitions.

                   No calls.  It is not called and does not use any procedure.

      Interface:   None

Name  Messages
----  --------
MPP_LNK_BDY_2D in LIB_MPP
      Defined as:  No definitions.

                   No calls.  It is not called and does not use any procedure.

      Interface:   None

Name  Messages
----  --------
MPP_LNK_BDY_3D in LIB_MPP
      Defined as:  No definitions.

                   No calls.  It is not called and does not use any procedure.

      Interface:   None

Name  Messages
----  --------
MPP_LNK_SUM_2D in LIB_MPP
      Defined as:  No definitions.

                   No calls.  It is not called and does not use any procedure.

      Interface:   None

Name  Messages
----  --------
MPP_LNK_SUM_3D in LIB_MPP
      Defined as:  No definitions.

                   No calls.  It is not called and does not use any procedure.

      Interface:   None

Name  Messages
----  --------
MPP_MAXLOC2D in LIB_MPP
      Defined as:  No definitions.

                   No calls.  It is not called and does not use any procedure.

      Interface:   None

Name  Messages
----  --------
MPP_MAXLOC3D in LIB_MPP
      Defined as:  No definitions.

                   No calls.  It is not called and does not use any procedure.

      Interface:   None

Name  Messages
----  --------
MPP_MINLOC2D in LIB_MPP
      Defined as:  No definitions.

                   No calls.  It is not called and does not use any procedure.

      Interface:   None

Name  Messages
----  --------
MPP_MINLOC3D in LIB_MPP
      Defined as:  No definitions.

                   No calls.  It is not called and does not use any procedure.

      Interface:   None

Name  Messages
----  --------
MYNODE in LIB_MPP
      Defined as:  No definitions.

                   No calls.  It is not called and does not use any procedure.

      Interface:   None

Name  Messages
----  --------
NC4INTERFACE
      Defined as:  No definitions.

      Used By:     DOMCFG  (indirectly)

Name  Messages
----  --------
PAR_KIND
      Defined as:  No definitions.

      Used By:     DOMCFG  (indirectly)
                   DOMCFG  (indirectly)

Name  Messages
----  --------
PAR_OCE
      Defined as:  No definitions.

      Used By:     DOMCFG  (indirectly)
                   DOMCFG  (indirectly)
                   DOMCFG  (indirectly)

Name  Messages
----  --------
PHYCST
      Defined as:  No definitions.

      Used By:     DOMCFG

Name  Messages
----  --------
PHY_CST in PHYCST
      Defined as:  No definitions.

                   No calls.  It is not called and does not use any procedure.

      Interface:   None

Name  Messages
----  --------
SET_NF90_DEF_VAR_CHUNKING in NC4INTERFACE
      Defined as:  No definitions.

                   No calls.  It is not called and does not use any procedure.

      Interface:   None

Name  Messages
----  --------
SET_NF90_DEF_VAR_DEFLATE in NC4INTERFACE
      Defined as:  No definitions.

                   No calls.  It is not called and does not use any procedure.

      Interface:   None

Name  Messages
----  --------
TIMING
      Defined as:  No definitions.

      Used By:     DOMCFG

Name  Messages
----  --------
TIMING_FINALIZE in TIMING
      Defined as:  No definitions.

                   No calls.  It is not called and does not use any procedure.

      Interface:   None

Name  Messages
----  --------
TIMING_INIT in TIMING
      Defined as:  No definitions.

                   No calls.  It is not called and does not use any procedure.

      Interface:   None

Name  Messages
----  --------
TIMING_RESET in TIMING
      Defined as:  No definitions.

                   No calls.  It is not called and does not use any procedure.

      Interface:   None

Name  Messages
----  --------
TIMING_START in TIMING
      Defined as:  No definitions.

      Interface:   None

      Called By:   DOM_CFG in DOMCFG (Line 39, file domcfg.f90)

Name  Messages
----  --------
TIMING_STOP in TIMING
      Defined as:  No definitions.

      Interface:   None

      Called By:   DOM_CFG in DOMCFG (Line 62, file domcfg.f90)


%%%%%%%%%%%%%%%%%%%%%%%%%%%%%%%%%%%%%%%%%%%%%%%%%%%%%%%%%%%%%%%%%%%%%%%%%%%%%%%%
%%%%%%%%%%%%%%%%%%%%%%%%%%%%%%%%%%%%%%%%%%%%%%%%%%%%%%%%%%%%%%%%%%%%%%%%%%%%%%%%
