%%%%%%%%%%%%%%%%%%%%%%%%%%%%%%%%%%%%%%%%%%%%%%%%%%%%%%%%%%%%%%%%%%%%%%%%%%%%%%%%
                          S u m m a r y   R e p o r t
%%%%%%%%%%%%%%%%%%%%%%%%%%%%%%%%%%%%%%%%%%%%%%%%%%%%%%%%%%%%%%%%%%%%%%%%%%%%%%%%

Compilation
-----------
File     : /projects/jmmp/dbruciaf/NEMO/CHECKOUTS_RELEASE-4.0-HEAD/NEMO_4.0-HEAD_test_MEs/tools/DOMAINcfg/src/domstp.f90
Compiled : 04/29/22  10:43:32
Compiler : Version 8.3.4
Ftnlx    : Version 8318 (libcif 83016)
Target   : x86-64
Command  : ftn_driver.exe -hcpu=haswell -hstatic -D__CRAYXC -D__CRAY_HASWELL
           -D__CRAYXT_COMPUTE_LINUX_TARGET -hnetwork=aries -odomstp.o
           -I/projects/jmmp/dbruciaf/NEMO/CHECKOUTS_RELEASE-4.0-HEAD/NEMO_4.0-HE
           AD_test_MEs/tools/DOMAINcfg/BLD/inc -sreal64 -sinteger32 -Ovector0
           -hfp0 -O0 -hflex_mp=intolerant -eCID
           -I/opt/cray/netcdf-hdf5parallel/4.3.2/CRAY/83/include
           -I/opt/cray/hdf5-parallel/1.8.13/CRAY/83/include
           -I/common/moci/modules/packages/XIOS/2.0/24708/952/inc
           -I/common/moci/modules/packages/oasis3-mct/2.0/24708/1765/build/lib/m
           ct
           -I/common/moci/modules/packages/oasis3-mct/2.0/24708/1765/build/lib/p
           smile.MPI1 -c -I/opt/cray/cce/8.3.4/craylibs/x86-64/include
           -I/opt/cray/netcdf-hdf5parallel/4.3.2/CRAY/83/include
           -I/opt/cray/hdf5-parallel/1.8.13/CRAY/83/include
           -I/opt/cray/libsci/13.0.1/CRAY/83/haswell/include
           -I/opt/cray/mpt/7.0.4/gni/mpich2-cray/83/include
           -I/opt/cray/rca/1.0.0-2.0502.60530.1.62.ari/include
           -I/opt/cray/alps/5.2.4-2.0502.9774.31.11.ari/include
           -I/opt/cray/xpmem/0.1-2.0502.64982.5.3.ari/include
           -I/opt/cray/gni-headers/4.0-1.0502.10859.7.8.ari/include
           -I/opt/cray/dmapp/7.0.1-1.0502.11080.8.76.ari/include
           -I/opt/cray/pmi/5.0.5-1.0000.10300.134.8.ari/include
           -I/opt/cray/ugni/6.0-1.0502.10863.8.29.ari/include
           -I/opt/cray/udreg/2.3.2-1.0502.10518.2.17.ari/include
           -I/opt/cray/cce/8.3.4/craylibs/x86-64/pkgconfig/../include
           -I/opt/cray/cce/8.3.4/craylibs/x86-64/include
           -I/opt/cray/wlm_detect/1.0-1.0502.64649.2.1.ari/include
           -I/opt/cray/krca/1.0.0-2.0502.63139.4.31.ari/include
           -I/opt/cray-hss-devel/7.2.0/include /projects/jmmp/dbruciaf/NEMO/CHEC
           KOUTS_RELEASE-4.0-HEAD/NEMO_4.0-HEAD_test_MEs/tools/DOMAINcfg/src/dom
           stp.f90

ftnlx report
------------
Source   : /projects/jmmp/dbruciaf/NEMO/CHECKOUTS_RELEASE-4.0-HEAD/tools_r4.0-HEAD_dev_MEs/DOMAINcfg/BLD/tmp//projects/jmmp/dbruciaf/NEMO/CHECKOUTS_RELEASE-4.0-HEAD/NEMO_4.0-HEAD_test_MEs/tools/DOMAINcfg/src/domstp.f90
Date     : 04/29/2022  10:43:32


%%%%%%%%%%%%%%%%%%%%%%%%%%%%%%%%%%%%%%%%%%%%%%%%%%%%%%%%%%%%%%%%%%%%%%%%%%%%%%%%
                          S o u r c e   L i s t i n g
%%%%%%%%%%%%%%%%%%%%%%%%%%%%%%%%%%%%%%%%%%%%%%%%%%%%%%%%%%%%%%%%%%%%%%%%%%%%%%%%

    1.    MODULE domstp
    2.       !!==============================================================================
    3.       !!                       ***  MODULE domstp   ***
    4.       !! Ocean initialization : time domain
    5.       !!==============================================================================
    6.    
    7.       !!----------------------------------------------------------------------
    8.       !!   dom_stp        : ocean time domain initialization
    9.       !!----------------------------------------------------------------------
   10.       !! History :  OPA  ! 1990-10  (O. Marti)  Original code
   11.       !!                 ! 1996-01  (G. Madec)  terrain following coordinates
   12.       !!   NEMO     1.0  ! 2002-08  (G. Madec)  F90: Free form and module
   13.       !!----------------------------------------------------------------------
   14.       USE oce            ! ocean dynamics and tracers
   15.       USE dom_oce        ! ocean space and time domain
                 ^                                            
ftn-1193 ftn: CAUTION DOMSTP, File = domstp.f90, Line = 15, Column = 8 
  Module "PAR_KIND" is indirectly used in module "DOM_OCE" and is from file
  "/projects/jmmp/dbruciaf/NEMO/CHECKOUTS_RELEASE-4.0-HEAD/tools_r4.0-HEAD_dev_MEs/DOMAINcfg/BLD/tmp/par_kind.o".  That file no
  longer exists.

                 ^                                            
ftn-1193 ftn: CAUTION DOMSTP, File = domstp.f90, Line = 15, Column = 8 
  Module "PAR_OCE" is indirectly used in module "DOM_OCE" and is from file
  "/projects/jmmp/dbruciaf/NEMO/CHECKOUTS_RELEASE-4.0-HEAD/tools_r4.0-HEAD_dev_MEs/DOMAINcfg/BLD/tmp/par_oce.o".  That file no
  longer exists.

   16.       USE in_out_manager ! I/O manager
                 ^                            
ftn-1193 ftn: CAUTION DOMSTP, File = domstp.f90, Line = 16, Column = 8 
  Module "NC4INTERFACE" is indirectly used in module "IN_OUT_MANAGER" and is from file
  "/projects/jmmp/dbruciaf/NEMO/CHECKOUTS_RELEASE-4.0-HEAD/tools_r4.0-HEAD_dev_MEs/DOMAINcfg/BLD/tmp/nc4interface.o".  That file no
  longer exists.

   17.       USE lib_mpp        ! MPP library
   18.    
   19.       IMPLICIT NONE
   20.       PRIVATE
   21.    
   22.       PUBLIC   dom_stp   ! routine called by inidom.F90
   23.    
   24.       !!----------------------------------------------------------------------
   25.       !! NEMO/OCE 4.0 , NEMO Consortium (2018)
   26.       !! $Id: domstp.F90 6140 2015-12-21 11:35:23Z timgraham $ 
   27.       !! Software governed by the CeCILL licence     (./LICENSE)
   28.       !!----------------------------------------------------------------------
   29.    CONTAINS
   30.    
   31.       SUBROUTINE dom_stp
   32.          !!----------------------------------------------------------------------
   33.          !!                    ***  ROUTINE dom_stp  ***
   34.          !!          
   35.          !! ** Purpose :   Intialize ocean time step for the run
   36.          !!
   37.          !! ** Method  : - Initialization of a coef. use in the Asselin time
   38.          !!      filter:  atfp1 = 1 - 2 * atfp  where atfp is the Asselin time
   39.          !!      filter parameter read in namelist
   40.          !!              - Model time step:
   41.          !!                synchronous time intergration.
   42.          !!      There is one time step only, defined by: rdt for dynamics and
   43.          !!      tracer,wind stress, surface heat and salt fluxes
   44.          !!
   45.          !! ** Action  : [REMOVED - rdttra: vertical profile of tracer time step]
   46.          !!              - atfp1    : = 1 - 2*atfp
   47.          !!
   48.          !! References :   Bryan, K., 1984, J. Phys. Oceanogr., 14, 666-673.
   49.          !!----------------------------------------------------------------------
   50.          INTEGER ::   jk              ! dummy loop indice
   51.          !!----------------------------------------------------------------------
   52.    
   53.          IF(lwp) THEN
   54.             WRITE(numout,*)
   55.             WRITE(numout,*) 'dom_stp : time stepping setting'
   56.             WRITE(numout,*) '~~~~~~~'
   57.          ENDIF
   58.    
   59.          ! 0. Asselin Time filter
   60.          ! ----------------------
   61.          
   62.          atfp1 = 1. - 2. * atfp
   63.    
   64.          IF(lwp) WRITE(numout,*)'               synchronous time stepping'
   65.          IF(lwp) WRITE(numout,*)'               dynamics and tracer time step = ', rdt/3600., ' hours'
   66.    
   67.    
   68.       END SUBROUTINE dom_stp
ftn-5002 ftn: NOTE File = domstp.f90, Line = 68 
  Local variable "JK" is declared but neither defined nor used.

   69.    
   70.       !!======================================================================
   71.    END MODULE domstp


%%%%%%%%%%%%%%%%%%%%%%%%%%%%%%%%%%%%%%%%%%%%%%%%%%%%%%%%%%%%%%%%%%%%%%%%%%%%%%%%
                         E x t e r n a l   R e p o r t
%%%%%%%%%%%%%%%%%%%%%%%%%%%%%%%%%%%%%%%%%%%%%%%%%%%%%%%%%%%%%%%%%%%%%%%%%%%%%%%%

Name  Messages
----  --------
AGRIF_CFIXED in DOM_OCE
      Defined as:  No definitions.

                   No calls.  It is not called and does not use any procedure.

      Interface:   None

Name  Messages
----  --------
AGRIF_ROOT in DOM_OCE
      Defined as:  No definitions.

                   No calls.  It is not called and does not use any procedure.

      Interface:   None

Name  Messages
----  --------
CTL_NAM in LIB_MPP
      Defined as:  No definitions.

                   No calls.  It is not called and does not use any procedure.

      Interface:   None

Name  Messages
----  --------
CTL_OPN in LIB_MPP
      Defined as:  No definitions.

                   No calls.  It is not called and does not use any procedure.

      Interface:   None

Name  Messages
----  --------
CTL_STOP in LIB_MPP
      Defined as:  No definitions.

                   No calls.  It is not called and does not use any procedure.

      Interface:   None

Name  Messages
----  --------
CTL_WARN in LIB_MPP
      Defined as:  No definitions.

                   No calls.  It is not called and does not use any procedure.

      Interface:   None

Name  Messages
----  --------
DOMSTP
      Defined as:  Module (line 1, file domstp.f90)

        Uses:      DOM_OCE
                   PAR_KIND  (indirectly)
                   PAR_OCE  (indirectly)
                   IN_OUT_MANAGER
                   PAR_KIND  (indirectly)
                   NC4INTERFACE  (indirectly)
                   PAR_OCE  (indirectly)
                   LIB_MPP
                   PAR_OCE  (indirectly)
                   DOM_OCE  (indirectly)

Name  Messages
----  --------
DOM_OCE
      Defined as:  No definitions.

      Used By:     DOMSTP
                   DOMSTP  (indirectly)

Name  Messages
----  --------
DOM_OCE_ALLOC in DOM_OCE
      Defined as:  No definitions.

                   No calls.  It is not called and does not use any procedure.

      Interface:   None

Name  Messages
----  --------
DOM_STP in DOMSTP
      Defined as:  Subroutine (line 22, file domstp.f90)

                   No calls.  It is not called and does not use any procedure.

      Interface:   None

Name  Messages
----  --------
GET_NF90_SYMBOL in NC4INTERFACE
      Defined as:  No definitions.

                   No calls.  It is not called and does not use any procedure.

      Interface:   None

Name  Messages
----  --------
GET_UNIT in LIB_MPP
      Defined as:  No definitions.

                   No calls.  It is not called and does not use any procedure.

      Interface:   None

Name  Messages
----  --------
IN_OUT_MANAGER
      Defined as:  No definitions.

      Used By:     DOMSTP

Name  Messages
----  --------
LIB_MPP
      Defined as:  No definitions.

      Used By:     DOMSTP

Name  Messages
----  --------
MPPBCAST_A_REAL in LIB_MPP
      Defined as:  No definitions.

                   No calls.  It is not called and does not use any procedure.

      Interface:   None

Name  Messages
----  --------
MPPGATHER in LIB_MPP
      Defined as:  No definitions.

                   No calls.  It is not called and does not use any procedure.

      Interface:   None

Name  Messages
----  --------
MPPMAX_A_INT in LIB_MPP
      Defined as:  No definitions.

                   No calls.  It is not called and does not use any procedure.

      Interface:   None

Name  Messages
----  --------
MPPMAX_A_REAL in LIB_MPP
      Defined as:  No definitions.

                   No calls.  It is not called and does not use any procedure.

      Interface:   None

Name  Messages
----  --------
MPPMAX_INT in LIB_MPP
      Defined as:  No definitions.

                   No calls.  It is not called and does not use any procedure.

      Interface:   None

Name  Messages
----  --------
MPPMAX_REAL in LIB_MPP
      Defined as:  No definitions.

                   No calls.  It is not called and does not use any procedure.

      Interface:   None

Name  Messages
----  --------
MPPMAX_REAL_MULTIPLE in LIB_MPP
      Defined as:  No definitions.

                   No calls.  It is not called and does not use any procedure.

      Interface:   None

Name  Messages
----  --------
MPPMIN_A_INT in LIB_MPP
      Defined as:  No definitions.

                   No calls.  It is not called and does not use any procedure.

      Interface:   None

Name  Messages
----  --------
MPPMIN_A_REAL in LIB_MPP
      Defined as:  No definitions.

                   No calls.  It is not called and does not use any procedure.

      Interface:   None

Name  Messages
----  --------
MPPMIN_INT in LIB_MPP
      Defined as:  No definitions.

                   No calls.  It is not called and does not use any procedure.

      Interface:   None

Name  Messages
----  --------
MPPMIN_REAL in LIB_MPP
      Defined as:  No definitions.

                   No calls.  It is not called and does not use any procedure.

      Interface:   None

Name  Messages
----  --------
MPPRECV in LIB_MPP
      Defined as:  No definitions.

                   No calls.  It is not called and does not use any procedure.

      Interface:   None

Name  Messages
----  --------
MPPSCATTER in LIB_MPP
      Defined as:  No definitions.

                   No calls.  It is not called and does not use any procedure.

      Interface:   None

Name  Messages
----  --------
MPPSEND in LIB_MPP
      Defined as:  No definitions.

                   No calls.  It is not called and does not use any procedure.

      Interface:   None

Name  Messages
----  --------
MPPSTOP in LIB_MPP
      Defined as:  No definitions.

                   No calls.  It is not called and does not use any procedure.

      Interface:   None

Name  Messages
----  --------
MPPSUM_A_INT in LIB_MPP
      Defined as:  No definitions.

                   No calls.  It is not called and does not use any procedure.

      Interface:   None

Name  Messages
----  --------
MPPSUM_A_REAL in LIB_MPP
      Defined as:  No definitions.

                   No calls.  It is not called and does not use any procedure.

      Interface:   None

Name  Messages
----  --------
MPPSUM_A_REALDD in LIB_MPP
      Defined as:  No definitions.

                   No calls.  It is not called and does not use any procedure.

      Interface:   None

Name  Messages
----  --------
MPPSUM_INT in LIB_MPP
      Defined as:  No definitions.

                   No calls.  It is not called and does not use any procedure.

      Interface:   None

Name  Messages
----  --------
MPPSUM_REAL in LIB_MPP
      Defined as:  No definitions.

                   No calls.  It is not called and does not use any procedure.

      Interface:   None

Name  Messages
----  --------
MPPSUM_REALDD in LIB_MPP
      Defined as:  No definitions.

                   No calls.  It is not called and does not use any procedure.

      Interface:   None

Name  Messages
----  --------
MPPSYNC in LIB_MPP
      Defined as:  No definitions.

                   No calls.  It is not called and does not use any procedure.

      Interface:   None

Name  Messages
----  --------
MPP_COMM_FREE in LIB_MPP
      Defined as:  No definitions.

                   No calls.  It is not called and does not use any procedure.

      Interface:   None

Name  Messages
----  --------
MPP_INI_ICE in LIB_MPP
      Defined as:  No definitions.

                   No calls.  It is not called and does not use any procedure.

      Interface:   None

Name  Messages
----  --------
MPP_INI_NORTH in LIB_MPP
      Defined as:  No definitions.

                   No calls.  It is not called and does not use any procedure.

      Interface:   None

Name  Messages
----  --------
MPP_INI_ZNL in LIB_MPP
      Defined as:  No definitions.

                   No calls.  It is not called and does not use any procedure.

      Interface:   None

Name  Messages
----  --------
MPP_LBC_NORTH_2D in LIB_MPP
      Defined as:  No definitions.

                   No calls.  It is not called and does not use any procedure.

      Interface:   None

Name  Messages
----  --------
MPP_LBC_NORTH_3D in LIB_MPP
      Defined as:  No definitions.

                   No calls.  It is not called and does not use any procedure.

      Interface:   None

Name  Messages
----  --------
MPP_LBC_NORTH_E in LIB_MPP
      Defined as:  No definitions.

                   No calls.  It is not called and does not use any procedure.

      Interface:   None

Name  Messages
----  --------
MPP_LBC_NORTH_ICB in LIB_MPP
      Defined as:  No definitions.

                   No calls.  It is not called and does not use any procedure.

      Interface:   None

Name  Messages
----  --------
MPP_LNK_2D in LIB_MPP
      Defined as:  No definitions.

                   No calls.  It is not called and does not use any procedure.

      Interface:   None

Name  Messages
----  --------
MPP_LNK_2D_9 in LIB_MPP
      Defined as:  No definitions.

                   No calls.  It is not called and does not use any procedure.

      Interface:   None

Name  Messages
----  --------
MPP_LNK_2D_E in LIB_MPP
      Defined as:  No definitions.

                   No calls.  It is not called and does not use any procedure.

      Interface:   None

Name  Messages
----  --------
MPP_LNK_2D_ICB in LIB_MPP
      Defined as:  No definitions.

                   No calls.  It is not called and does not use any procedure.

      Interface:   None

Name  Messages
----  --------
MPP_LNK_2D_MULTIPLE in LIB_MPP
      Defined as:  No definitions.

                   No calls.  It is not called and does not use any procedure.

      Interface:   None

Name  Messages
----  --------
MPP_LNK_3D in LIB_MPP
      Defined as:  No definitions.

                   No calls.  It is not called and does not use any procedure.

      Interface:   None

Name  Messages
----  --------
MPP_LNK_3D_GATHER in LIB_MPP
      Defined as:  No definitions.

                   No calls.  It is not called and does not use any procedure.

      Interface:   None

Name  Messages
----  --------
MPP_LNK_BDY_2D in LIB_MPP
      Defined as:  No definitions.

                   No calls.  It is not called and does not use any procedure.

      Interface:   None

Name  Messages
----  --------
MPP_LNK_BDY_3D in LIB_MPP
      Defined as:  No definitions.

                   No calls.  It is not called and does not use any procedure.

      Interface:   None

Name  Messages
----  --------
MPP_LNK_SUM_2D in LIB_MPP
      Defined as:  No definitions.

                   No calls.  It is not called and does not use any procedure.

      Interface:   None

Name  Messages
----  --------
MPP_LNK_SUM_3D in LIB_MPP
      Defined as:  No definitions.

                   No calls.  It is not called and does not use any procedure.

      Interface:   None

Name  Messages
----  --------
MPP_MAXLOC2D in LIB_MPP
      Defined as:  No definitions.

                   No calls.  It is not called and does not use any procedure.

      Interface:   None

Name  Messages
----  --------
MPP_MAXLOC3D in LIB_MPP
      Defined as:  No definitions.

                   No calls.  It is not called and does not use any procedure.

      Interface:   None

Name  Messages
----  --------
MPP_MINLOC2D in LIB_MPP
      Defined as:  No definitions.

                   No calls.  It is not called and does not use any procedure.

      Interface:   None

Name  Messages
----  --------
MPP_MINLOC3D in LIB_MPP
      Defined as:  No definitions.

                   No calls.  It is not called and does not use any procedure.

      Interface:   None

Name  Messages
----  --------
MYNODE in LIB_MPP
      Defined as:  No definitions.

                   No calls.  It is not called and does not use any procedure.

      Interface:   None

Name  Messages
----  --------
NC4INTERFACE
      Defined as:  No definitions.

      Used By:     DOMSTP  (indirectly)

Name  Messages
----  --------
OCE
      Defined as:  No definitions.

                   No calls.  It is not called and does not use any procedure.

Name  Messages
----  --------
OCE_ALLOC in OCE
      Defined as:  No definitions.

                   No calls.  It is not called and does not use any procedure.

      Interface:   None

Name  Messages
----  --------
PAR_KIND
      Defined as:  No definitions.

      Used By:     DOMSTP  (indirectly)
                   DOMSTP  (indirectly)

Name  Messages
----  --------
PAR_OCE
      Defined as:  No definitions.

      Used By:     DOMSTP  (indirectly)
                   DOMSTP  (indirectly)
                   DOMSTP  (indirectly)

Name  Messages
----  --------
SET_NF90_DEF_VAR_CHUNKING in NC4INTERFACE
      Defined as:  No definitions.

                   No calls.  It is not called and does not use any procedure.

      Interface:   None

Name  Messages
----  --------
SET_NF90_DEF_VAR_DEFLATE in NC4INTERFACE
      Defined as:  No definitions.

                   No calls.  It is not called and does not use any procedure.

      Interface:   None


%%%%%%%%%%%%%%%%%%%%%%%%%%%%%%%%%%%%%%%%%%%%%%%%%%%%%%%%%%%%%%%%%%%%%%%%%%%%%%%%
%%%%%%%%%%%%%%%%%%%%%%%%%%%%%%%%%%%%%%%%%%%%%%%%%%%%%%%%%%%%%%%%%%%%%%%%%%%%%%%%
