%%%%%%%%%%%%%%%%%%%%%%%%%%%%%%%%%%%%%%%%%%%%%%%%%%%%%%%%%%%%%%%%%%%%%%%%%%%%%%%%
                          S u m m a r y   R e p o r t
%%%%%%%%%%%%%%%%%%%%%%%%%%%%%%%%%%%%%%%%%%%%%%%%%%%%%%%%%%%%%%%%%%%%%%%%%%%%%%%%

Compilation
-----------
File     : /projects/jmmp/dbruciaf/NEMO/CHECKOUTS_RELEASE-4.0-HEAD/NEMO_4.0-HEAD_test_MEs/tools/DOMAINcfg/src/iom_def.f90
Compiled : 04/29/22  10:43:20
Compiler : Version 8.3.4
Ftnlx    : Version 8318 (libcif 83016)
Target   : x86-64
Command  : ftn_driver.exe -hcpu=haswell -hstatic -D__CRAYXC -D__CRAY_HASWELL
           -D__CRAYXT_COMPUTE_LINUX_TARGET -hnetwork=aries -oiom_def.o
           -I/projects/jmmp/dbruciaf/NEMO/CHECKOUTS_RELEASE-4.0-HEAD/NEMO_4.0-HE
           AD_test_MEs/tools/DOMAINcfg/BLD/inc -sreal64 -sinteger32 -Ovector0
           -hfp0 -O0 -hflex_mp=intolerant -eCID
           -I/opt/cray/netcdf-hdf5parallel/4.3.2/CRAY/83/include
           -I/opt/cray/hdf5-parallel/1.8.13/CRAY/83/include
           -I/common/moci/modules/packages/XIOS/2.0/24708/952/inc
           -I/common/moci/modules/packages/oasis3-mct/2.0/24708/1765/build/lib/m
           ct
           -I/common/moci/modules/packages/oasis3-mct/2.0/24708/1765/build/lib/p
           smile.MPI1 -c -I/opt/cray/cce/8.3.4/craylibs/x86-64/include
           -I/opt/cray/netcdf-hdf5parallel/4.3.2/CRAY/83/include
           -I/opt/cray/hdf5-parallel/1.8.13/CRAY/83/include
           -I/opt/cray/libsci/13.0.1/CRAY/83/haswell/include
           -I/opt/cray/mpt/7.0.4/gni/mpich2-cray/83/include
           -I/opt/cray/rca/1.0.0-2.0502.60530.1.62.ari/include
           -I/opt/cray/alps/5.2.4-2.0502.9774.31.11.ari/include
           -I/opt/cray/xpmem/0.1-2.0502.64982.5.3.ari/include
           -I/opt/cray/gni-headers/4.0-1.0502.10859.7.8.ari/include
           -I/opt/cray/dmapp/7.0.1-1.0502.11080.8.76.ari/include
           -I/opt/cray/pmi/5.0.5-1.0000.10300.134.8.ari/include
           -I/opt/cray/ugni/6.0-1.0502.10863.8.29.ari/include
           -I/opt/cray/udreg/2.3.2-1.0502.10518.2.17.ari/include
           -I/opt/cray/cce/8.3.4/craylibs/x86-64/pkgconfig/../include
           -I/opt/cray/cce/8.3.4/craylibs/x86-64/include
           -I/opt/cray/wlm_detect/1.0-1.0502.64649.2.1.ari/include
           -I/opt/cray/krca/1.0.0-2.0502.63139.4.31.ari/include
           -I/opt/cray-hss-devel/7.2.0/include /projects/jmmp/dbruciaf/NEMO/CHEC
           KOUTS_RELEASE-4.0-HEAD/NEMO_4.0-HEAD_test_MEs/tools/DOMAINcfg/src/iom
           _def.f90

ftnlx report
------------
Source   : /projects/jmmp/dbruciaf/NEMO/CHECKOUTS_RELEASE-4.0-HEAD/tools_r4.0-HEAD_dev_MEs/DOMAINcfg/BLD/tmp//projects/jmmp/dbruciaf/NEMO/CHECKOUTS_RELEASE-4.0-HEAD/NEMO_4.0-HEAD_test_MEs/tools/DOMAINcfg/src/iom_def.f90
Date     : 04/29/2022  10:43:20


%%%%%%%%%%%%%%%%%%%%%%%%%%%%%%%%%%%%%%%%%%%%%%%%%%%%%%%%%%%%%%%%%%%%%%%%%%%%%%%%
                          S o u r c e   L i s t i n g
%%%%%%%%%%%%%%%%%%%%%%%%%%%%%%%%%%%%%%%%%%%%%%%%%%%%%%%%%%%%%%%%%%%%%%%%%%%%%%%%

    1.    MODULE iom_def
    2.       !!=====================================================================
    3.       !!                    ***  MODULE  iom_def ***
    4.       !! IOM variables definitions
    5.       !!====================================================================
    6.       !! History :  9.0  ! 06 09  (S. Masson) Original code
    7.       !!             "   ! 07 07  (D. Storkey) Add uldname
    8.       !!--------------------------------------------------------------------
    9.       !!---------------------------------------------------------------------------------
   10.       !! NEMO/OCE 4.0 , NEMO Consortium (2018)
   11.       !! $Id: iom_def.F90 6140 2015-12-21 11:35:23Z timgraham $
   12.       !! Software governed by the CeCILL licence (./LICENSE)
   13.       !!---------------------------------------------------------------------------------
   14.    
   15.       USE par_kind
   16.    
   17.       IMPLICIT NONE
   18.       PRIVATE
   19.    
   20.       INTEGER, PARAMETER, PUBLIC ::   jpdom_data          = 1   !: ( 1  :jpidta, 1  :jpjdta)
   21.       INTEGER, PARAMETER, PUBLIC ::   jpdom_global        = 2   !: ( 1  :jpiglo, 1  :jpjglo)
   22.       INTEGER, PARAMETER, PUBLIC ::   jpdom_local         = 3   !: One of the 3 following cases
   23.       INTEGER, PARAMETER, PUBLIC ::   jpdom_local_full    = 4   !: ( 1  :jpi   , 1  :jpi   )
   24.       INTEGER, PARAMETER, PUBLIC ::   jpdom_local_noextra = 5   !: ( 1  :nlci  , 1  :nlcj  )
   25.       INTEGER, PARAMETER, PUBLIC ::   jpdom_local_noovlap = 6   !: (nldi:nlei  ,nldj:nlej  )
   26.       INTEGER, PARAMETER, PUBLIC ::   jpdom_unknown       = 7   !: No dimension checking
   27.       INTEGER, PARAMETER, PUBLIC ::   jpdom_autoglo       = 8   !: 
   28.       INTEGER, PARAMETER, PUBLIC ::   jpdom_autoglo_xy    = 9   !: Automatically set horizontal dimensions only
   29.       INTEGER, PARAMETER, PUBLIC ::   jpdom_autodta       = 10  !: 
   30.    
   31.       INTEGER, PARAMETER, PUBLIC ::   jpnf90      = 101      !: Use nf90 library
   32.    
   33.       INTEGER, PARAMETER, PUBLIC ::   jprstlib  = jpnf90     !: restarts io library
   34.    
   35.       INTEGER, PARAMETER, PUBLIC ::   jp_r8    = 200      !: write REAL(8)
   36.       INTEGER, PARAMETER, PUBLIC ::   jp_r4    = 201      !: write REAL(4)
   37.       INTEGER, PARAMETER, PUBLIC ::   jp_i4    = 202      !: write INTEGER(4)
   38.       INTEGER, PARAMETER, PUBLIC ::   jp_i2    = 203      !: write INTEGER(2)
   39.       INTEGER, PARAMETER, PUBLIC ::   jp_i1    = 204      !: write INTEGER(1)
   40.    
   41.       INTEGER, PARAMETER, PUBLIC ::   jpmax_files  = 100   !: maximum number of simultaneously opened file
   42.       INTEGER, PARAMETER, PUBLIC ::   jpmax_vars   = 600  !: maximum number of variables in one file
   43.       INTEGER, PARAMETER, PUBLIC ::   jpmax_dims   =  4   !: maximum number of dimensions for one variable
   44.       INTEGER, PARAMETER, PUBLIC ::   jpmax_digits =  5   !: maximum number of digits for the cpu number in the file name
   45.    
   46.    !$AGRIF_DO_NOT_TREAT
   47.       INTEGER, PUBLIC            ::   iom_open_init = 0   !: used to initialize iom_file(:)%nfid to 0
   48.    
   49.       TYPE, PUBLIC ::   file_descriptor
   50.          CHARACTER(LEN=240)                        ::   name     !: name of the file
   51.          INTEGER                                   ::   nfid     !: identifier of the file (0 if closed)
   52.          INTEGER                                   ::   iolib    !: library used to read the file (jpnf90 or new formats,
   53.                                                                  !: jpioipsl option has been removed)
   54.          INTEGER                                   ::   nvars    !: number of identified varibles in the file
   55.          INTEGER                                   ::   iduld    !: id of the unlimited dimension
   56.          INTEGER                                   ::   lenuld   !: length of the unlimited dimension (number of records in file)
   57.          INTEGER                                   ::   irec     !: writing record position  
   58.          CHARACTER(LEN=32)                         ::   uldname  !: name of the unlimited dimension
   59.          CHARACTER(LEN=32), DIMENSION(jpmax_vars)  ::   cn_var   !: names of the variables
   60.          INTEGER, DIMENSION(jpmax_vars)            ::   nvid     !: id of the variables
   61.          INTEGER, DIMENSION(jpmax_vars)            ::   ndims    !: number of dimensions of the variables
   62.          LOGICAL, DIMENSION(jpmax_vars)            ::   luld     !: variable using the unlimited dimension
   63.          INTEGER, DIMENSION(jpmax_dims,jpmax_vars) ::   dimsz    !: size of variables dimensions 
   64.          REAL(kind=wp), DIMENSION(jpmax_vars)      ::   scf      !: scale_factor of the variables
   65.          REAL(kind=wp), DIMENSION(jpmax_vars)      ::   ofs      !: add_offset of the variables
   66.       END TYPE file_descriptor
   67.       TYPE(file_descriptor), DIMENSION(jpmax_files), PUBLIC ::   iom_file !: array containing the info for all opened files
   68.    !$AGRIF_END_DO_NOT_TREAT
   69.    
   70.       !!=====================================================================
   71.    END MODULE iom_def


%%%%%%%%%%%%%%%%%%%%%%%%%%%%%%%%%%%%%%%%%%%%%%%%%%%%%%%%%%%%%%%%%%%%%%%%%%%%%%%%
                         E x t e r n a l   R e p o r t
%%%%%%%%%%%%%%%%%%%%%%%%%%%%%%%%%%%%%%%%%%%%%%%%%%%%%%%%%%%%%%%%%%%%%%%%%%%%%%%%

Name  Messages
----  --------
IOM_DEF
      Defined as:  Module (line 1, file iom_def.f90)

                   Does not use any module and is not used by any procedure.

Name  Messages
----  --------
PAR_KIND
      Defined as:  No definitions.

                   No calls.  It is not called and does not use any procedure.


%%%%%%%%%%%%%%%%%%%%%%%%%%%%%%%%%%%%%%%%%%%%%%%%%%%%%%%%%%%%%%%%%%%%%%%%%%%%%%%%
%%%%%%%%%%%%%%%%%%%%%%%%%%%%%%%%%%%%%%%%%%%%%%%%%%%%%%%%%%%%%%%%%%%%%%%%%%%%%%%%
