%%%%%%%%%%%%%%%%%%%%%%%%%%%%%%%%%%%%%%%%%%%%%%%%%%%%%%%%%%%%%%%%%%%%%%%%%%%%%%%%
                          S u m m a r y   R e p o r t
%%%%%%%%%%%%%%%%%%%%%%%%%%%%%%%%%%%%%%%%%%%%%%%%%%%%%%%%%%%%%%%%%%%%%%%%%%%%%%%%

Compilation
-----------
File     : /projects/jmmp/dbruciaf/NEMO/CHECKOUTS_RELEASE-4.0-HEAD/NEMO_4.0-HEAD_test_MEs/tools/DOMAINcfg/src/oce.f90
Compiled : 04/29/22  10:43:17
Compiler : Version 8.3.4
Ftnlx    : Version 8318 (libcif 83016)
Target   : x86-64
Command  : ftn_driver.exe -hcpu=haswell -hstatic -D__CRAYXC -D__CRAY_HASWELL
           -D__CRAYXT_COMPUTE_LINUX_TARGET -hnetwork=aries -ooce.o
           -I/projects/jmmp/dbruciaf/NEMO/CHECKOUTS_RELEASE-4.0-HEAD/NEMO_4.0-HE
           AD_test_MEs/tools/DOMAINcfg/BLD/inc -sreal64 -sinteger32 -Ovector0
           -hfp0 -O0 -hflex_mp=intolerant -eCID
           -I/opt/cray/netcdf-hdf5parallel/4.3.2/CRAY/83/include
           -I/opt/cray/hdf5-parallel/1.8.13/CRAY/83/include
           -I/common/moci/modules/packages/XIOS/2.0/24708/952/inc
           -I/common/moci/modules/packages/oasis3-mct/2.0/24708/1765/build/lib/m
           ct
           -I/common/moci/modules/packages/oasis3-mct/2.0/24708/1765/build/lib/p
           smile.MPI1 -c -I/opt/cray/cce/8.3.4/craylibs/x86-64/include
           -I/opt/cray/netcdf-hdf5parallel/4.3.2/CRAY/83/include
           -I/opt/cray/hdf5-parallel/1.8.13/CRAY/83/include
           -I/opt/cray/libsci/13.0.1/CRAY/83/haswell/include
           -I/opt/cray/mpt/7.0.4/gni/mpich2-cray/83/include
           -I/opt/cray/rca/1.0.0-2.0502.60530.1.62.ari/include
           -I/opt/cray/alps/5.2.4-2.0502.9774.31.11.ari/include
           -I/opt/cray/xpmem/0.1-2.0502.64982.5.3.ari/include
           -I/opt/cray/gni-headers/4.0-1.0502.10859.7.8.ari/include
           -I/opt/cray/dmapp/7.0.1-1.0502.11080.8.76.ari/include
           -I/opt/cray/pmi/5.0.5-1.0000.10300.134.8.ari/include
           -I/opt/cray/ugni/6.0-1.0502.10863.8.29.ari/include
           -I/opt/cray/udreg/2.3.2-1.0502.10518.2.17.ari/include
           -I/opt/cray/cce/8.3.4/craylibs/x86-64/pkgconfig/../include
           -I/opt/cray/cce/8.3.4/craylibs/x86-64/include
           -I/opt/cray/wlm_detect/1.0-1.0502.64649.2.1.ari/include
           -I/opt/cray/krca/1.0.0-2.0502.63139.4.31.ari/include
           -I/opt/cray-hss-devel/7.2.0/include /projects/jmmp/dbruciaf/NEMO/CHEC
           KOUTS_RELEASE-4.0-HEAD/NEMO_4.0-HEAD_test_MEs/tools/DOMAINcfg/src/oce
           .f90

ftnlx report
------------
Source   : /projects/jmmp/dbruciaf/NEMO/CHECKOUTS_RELEASE-4.0-HEAD/tools_r4.0-HEAD_dev_MEs/DOMAINcfg/BLD/tmp//projects/jmmp/dbruciaf/NEMO/CHECKOUTS_RELEASE-4.0-HEAD/NEMO_4.0-HEAD_test_MEs/tools/DOMAINcfg/src/oce.f90
Date     : 04/29/2022  10:43:17


%%%%%%%%%%%%%%%%%%%%%%%%%%%%%%%%%%%%%%%%%%%%%%%%%%%%%%%%%%%%%%%%%%%%%%%%%%%%%%%%
                          S o u r c e   L i s t i n g
%%%%%%%%%%%%%%%%%%%%%%%%%%%%%%%%%%%%%%%%%%%%%%%%%%%%%%%%%%%%%%%%%%%%%%%%%%%%%%%%

    1.    MODULE oce
    2.       !!======================================================================
    3.       !!                      ***  MODULE  oce  ***
    4.       !! Ocean        :  dynamics and active tracers defined in memory 
    5.       !!======================================================================
    6.       !! History :  1.0  !  2002-11  (G. Madec)  F90: Free form and module
    7.       !!            3.1  !  2009-02  (G. Madec, M. Leclair)  pure z* coordinate
    8.       !!            3.3  !  2010-09  (C. Ethe) TRA-TRC merge: add ts, gtsu, gtsv 4D arrays
    9.       !!            3.7  !  2014-01  (G. Madec) suppression of curl and before hdiv from in-core memory
   10.       !!----------------------------------------------------------------------
   11.       USE par_oce        ! ocean parameters
                 ^                                 
ftn-1193 ftn: CAUTION OCE, File = oce.f90, Line = 11, Column = 8 
  Module "PAR_KIND" is indirectly used in module "PAR_OCE" and is from file
  "/projects/jmmp/dbruciaf/NEMO/CHECKOUTS_RELEASE-4.0-HEAD/tools_r4.0-HEAD_dev_MEs/DOMAINcfg/BLD/tmp/par_kind.o".  That file no
  longer exists.

   12.       USE lib_mpp        ! MPP library
                 ^                            
ftn-1193 ftn: CAUTION OCE, File = oce.f90, Line = 12, Column = 8 
  Module "DOM_OCE" is indirectly used in module "LIB_MPP" and is from file
  "/projects/jmmp/dbruciaf/NEMO/CHECKOUTS_RELEASE-4.0-HEAD/tools_r4.0-HEAD_dev_MEs/DOMAINcfg/BLD/tmp/dom_oce.o".  That file no
  longer exists.

   13.    
   14.       IMPLICIT NONE
   15.       PRIVATE
   16.    
   17.       PUBLIC oce_alloc ! routine called by nemo_init in nemogcm.F90
   18.    
   19.       !! dynamics and tracer fields                            ! before ! now    ! after  ! the after trends becomes the fields
   20.       !! --------------------------                            ! fields ! fields ! trends ! only after tra_zdf and dyn_spg
   21.       REAL(wp), PUBLIC, ALLOCATABLE, SAVE, DIMENSION(:,:,:)   ::   ub   ,  un    , ua     !: i-horizontal velocity        [m/s]
   22.       REAL(wp), PUBLIC, ALLOCATABLE, SAVE, DIMENSION(:,:,:)   ::   vb   ,  vn    , va     !: j-horizontal velocity        [m/s]
   23.       REAL(wp), PUBLIC, ALLOCATABLE, SAVE, DIMENSION(:,:,:)   ::           wn             !: vertical velocity            [m/s]
   24.       REAL(wp), PUBLIC, ALLOCATABLE, SAVE, DIMENSION(:,:,:)   ::           hdivn          !: horizontal divergence        [s-1]
   25.       REAL(wp), PUBLIC, ALLOCATABLE, SAVE, DIMENSION(:,:,:,:) ::   tsb  ,  tsn   , tsa    !: 4D T-S fields                  [Celcius,psu] 
   26.       REAL(wp), PUBLIC, ALLOCATABLE, SAVE, DIMENSION(:,:,:,:) ::   rab_b,  rab_n          !: thermal/haline expansion coef. [Celcius-1,psu-1]
   27.       REAL(wp), PUBLIC, ALLOCATABLE, SAVE, DIMENSION(:,:,:)   ::   rn2b ,  rn2            !: brunt-vaisala frequency**2     [s-2]
   28.       !
   29.       REAL(wp), PUBLIC, ALLOCATABLE, SAVE, DIMENSION(:,:,:) ::   rhd    !: in situ density anomalie rhd=(rho-rau0)/rau0  [no units]
   30.       REAL(wp), PUBLIC, ALLOCATABLE, SAVE, DIMENSION(:,:,:) ::   rhop   !: potential volumic mass                           [kg/m3]
   31.    
   32.       !! free surface                                      !  before  ! now    ! after  !
   33.       !! ------------                                      !  fields  ! fields ! fields !
   34.       REAL(wp), PUBLIC, ALLOCATABLE, SAVE, DIMENSION(:,:) ::   ub_b   ,  un_b  ,  ua_b  !: Barotropic velocities at u-point [m/s]
   35.       REAL(wp), PUBLIC, ALLOCATABLE, SAVE, DIMENSION(:,:) ::   vb_b   ,  vn_b  ,  va_b  !: Barotropic velocities at v-point [m/s]
   36.       REAL(wp), PUBLIC, ALLOCATABLE, SAVE, DIMENSION(:,:) ::   sshb   ,  sshn  ,  ssha  !: sea surface height at t-point [m]
   37.    
   38.       !! Arrays at barotropic time step:                   ! befbefore! before !  now   ! after  !
   39.       REAL(wp), PUBLIC, ALLOCATABLE, SAVE, DIMENSION(:,:) ::   ubb_e  ,  ub_e  ,  un_e  , ua_e   !: u-external velocity
   40.       REAL(wp), PUBLIC, ALLOCATABLE, SAVE, DIMENSION(:,:) ::   vbb_e  ,  vb_e  ,  vn_e  , va_e   !: v-external velocity
   41.       REAL(wp), PUBLIC, ALLOCATABLE, SAVE, DIMENSION(:,:) ::   sshbb_e,  sshb_e,  sshn_e, ssha_e !: external ssh
   42.       REAL(wp), PUBLIC, ALLOCATABLE, SAVE, DIMENSION(:,:) ::                              hu_e   !: external u-depth
   43.       REAL(wp), PUBLIC, ALLOCATABLE, SAVE, DIMENSION(:,:) ::                              hv_e   !: external v-depth
   44.       REAL(wp), PUBLIC, ALLOCATABLE, SAVE, DIMENSION(:,:) ::                              hur_e  !: inverse of u-depth
   45.       REAL(wp), PUBLIC, ALLOCATABLE, SAVE, DIMENSION(:,:) ::                              hvr_e  !: inverse of v-depth
   46.       REAL(wp), PUBLIC, ALLOCATABLE, SAVE, DIMENSION(:,:) ::   ub2_b  , vb2_b           !: Half step fluxes (ln_bt_fw=T)
   47.    
   48.    
   49.    
   50.       !
   51.       REAL(wp), PUBLIC, ALLOCATABLE, SAVE, DIMENSION(:,:) ::   spgu, spgv               !: horizontal surface pressure gradient
   52.    
   53.       !! interpolated gradient (only used in zps case)
   54.       !! ---------------------
   55.       REAL(wp), PUBLIC, ALLOCATABLE, SAVE, DIMENSION(:,:,:) ::   gtsu, gtsv   !: horizontal gradient of T, S bottom u-point 
   56.       REAL(wp), PUBLIC, ALLOCATABLE, SAVE, DIMENSION(:,:)   ::   gru , grv    !: horizontal gradient of rd at bottom u-point
   57.    
   58.       !! (ISF) interpolated gradient (only used for ice shelf case) 
   59.       !! --------------------- 
   60.       REAL(wp), PUBLIC, ALLOCATABLE, SAVE, DIMENSION(:,:,:) ::   gtui, gtvi   !: horizontal gradient of T, S and rd at top u-point 
   61.       REAL(wp), PUBLIC, ALLOCATABLE, SAVE, DIMENSION(:,:)   ::   grui, grvi   !: horizontal gradient of T, S and rd at top v-point  
   62.       !! (ISF) ice load
   63.       REAL(wp), PUBLIC, ALLOCATABLE, SAVE, DIMENSION(:,:)   ::   riceload
   64.    
   65.       REAL(wp), PUBLIC, ALLOCATABLE, SAVE, DIMENSION(:,:,:) ::   rke          !: kinetic energy
   66.    
   67.       !! arrays relating to embedding ice in the ocean. These arrays need to be declared 
   68.       !! even if no ice model is required. In the no ice model or traditional levitating 
   69.       !! ice cases they contain only zeros
   70.       !! ---------------------
   71.       REAL(wp), PUBLIC, ALLOCATABLE, SAVE, DIMENSION(:,:)   ::   snwice_mass        !: mass of snow and ice at current  ice time step   [Kg/m2]
   72.       REAL(wp), PUBLIC, ALLOCATABLE, SAVE, DIMENSION(:,:)   ::   snwice_mass_b      !: mass of snow and ice at previous ice time step   [Kg/m2]
   73.       REAL(wp), PUBLIC, ALLOCATABLE, SAVE, DIMENSION(:,:)   ::   snwice_fmass       !: time evolution of mass of snow+ice               [Kg/m2/s]
   74.    
   75.       !! Energy budget of the leads (open water embedded in sea ice)
   76.       REAL(wp), PUBLIC, ALLOCATABLE, SAVE, DIMENSION(:,:)   ::   fraqsr_1lev        !: fraction of solar net radiation absorbed in the first ocean level [-]
   77.    
   78.       !!----------------------------------------------------------------------
   79.       !! NEMO/OPA 3.7 , NEMO Consortium (2014)
   80.       !! $Id: oce.F90 6140 2015-12-21 11:35:23Z timgraham $ 
   81.       !! Software governed by the CeCILL licence     (./LICENSE)
   82.       !!----------------------------------------------------------------------
   83.    CONTAINS
   84.    
   85.       INTEGER FUNCTION oce_alloc()
   86.          !!----------------------------------------------------------------------
   87.          !!                   ***  FUNCTION oce_alloc  ***
   88.          !!----------------------------------------------------------------------
   89.          INTEGER :: ierr(7)
   90.          !!----------------------------------------------------------------------
   91.          !
   92.          ierr(:) = 0 
ftn-6204 ftn: VECTOR File = oce.f90, Line = 92 
  A loop starting at line 92 was vectorized.

   93.          ALLOCATE( ub   (jpi,jpj,jpk)      , un   (jpi,jpj,jpk)      , ua(jpi,jpj,jpk)       ,     &
   94.             &      vb   (jpi,jpj,jpk)      , vn   (jpi,jpj,jpk)      , va(jpi,jpj,jpk)       ,     &          
   95.             &      wn   (jpi,jpj,jpk)      , hdivn(jpi,jpj,jpk)      ,                             &
   96.             &      tsb  (jpi,jpj,jpk,jpts) , tsn  (jpi,jpj,jpk,jpts) , tsa(jpi,jpj,jpk,jpts) ,     &
   97.             &      rab_b(jpi,jpj,jpk,jpts) , rab_n(jpi,jpj,jpk,jpts) ,                             &
   98.             &      rn2b (jpi,jpj,jpk)      , rn2  (jpi,jpj,jpk)      ,                             &
   99.             &      rhd  (jpi,jpj,jpk)      , rhop (jpi,jpj,jpk)                              , STAT=ierr(1) )
  100.             !
  101.          ALLOCATE(rke(jpi,jpj,jpk)  ,                                         &
  102.             &     sshb(jpi,jpj)     , sshn(jpi,jpj)   , ssha(jpi,jpj)   ,     &
  103.             &     ub_b(jpi,jpj)     , un_b(jpi,jpj)   , ua_b(jpi,jpj)   ,     &
  104.             &     vb_b(jpi,jpj)     , vn_b(jpi,jpj)   , va_b(jpi,jpj)   ,     &
  105.             &     spgu  (jpi,jpj)   , spgv(jpi,jpj)   ,                       &
  106.             &     gtsu(jpi,jpj,jpts), gtsv(jpi,jpj,jpts),                     &
  107.             &     gru(jpi,jpj)      , grv(jpi,jpj)      ,                     &
  108.             &     gtui(jpi,jpj,jpts), gtvi(jpi,jpj,jpts),                     &
  109.             &     grui(jpi,jpj)     , grvi(jpi,jpj)     ,                     &
  110.             &     riceload(jpi,jpj),                             STAT=ierr(2) )
  111.             !
  112.          ALLOCATE( snwice_mass(jpi,jpj) , snwice_mass_b(jpi,jpj), snwice_fmass(jpi,jpj) , STAT=ierr(3) )
  113.             !
  114.          ALLOCATE( fraqsr_1lev(jpi,jpj) , STAT=ierr(4) )
  115.             !
  116.          ALLOCATE( ssha_e(jpi,jpj),  sshn_e(jpi,jpj), sshb_e(jpi,jpj), sshbb_e(jpi,jpj), &
  117.             &        ua_e(jpi,jpj),    un_e(jpi,jpj),   ub_e(jpi,jpj),   ubb_e(jpi,jpj), &
  118.             &        va_e(jpi,jpj),    vn_e(jpi,jpj),   vb_e(jpi,jpj),   vbb_e(jpi,jpj), &
  119.             &        hu_e(jpi,jpj),   hur_e(jpi,jpj),   hv_e(jpi,jpj),   hvr_e(jpi,jpj), STAT=ierr(5) )
  120.             !
  121.          ALLOCATE( ub2_b(jpi,jpj), vb2_b(jpi,jpj)                                      , STAT=ierr(6) )
  122.    
  123.    
  124.    
  125.             !
  126.          oce_alloc = MAXVAL( ierr )
ftn-6297 ftn: VECTOR File = oce.f90, Line = 126 
  A loop starting at line 126 was not vectorized because a recurrence was found at line 126.

  127.          IF( oce_alloc /= 0 )   CALL ctl_warn('oce_alloc: failed to allocate arrays')
  128.          !
  129.       END FUNCTION oce_alloc
  130.    
  131.       !!======================================================================
  132.    END MODULE oce


%%%%%%%%%%%%%%%%%%%%%%%%%%%%%%%%%%%%%%%%%%%%%%%%%%%%%%%%%%%%%%%%%%%%%%%%%%%%%%%%
                         E x t e r n a l   R e p o r t
%%%%%%%%%%%%%%%%%%%%%%%%%%%%%%%%%%%%%%%%%%%%%%%%%%%%%%%%%%%%%%%%%%%%%%%%%%%%%%%%

Name  Messages
----  --------
CTL_NAM in LIB_MPP
      Defined as:  No definitions.

                   No calls.  It is not called and does not use any procedure.

      Interface:   None

Name  Messages
----  --------
CTL_OPN in LIB_MPP
      Defined as:  No definitions.

                   No calls.  It is not called and does not use any procedure.

      Interface:   None

Name  Messages
----  --------
CTL_STOP in LIB_MPP
      Defined as:  No definitions.

                   No calls.  It is not called and does not use any procedure.

      Interface:   None

Name  Messages
----  --------
CTL_WARN in LIB_MPP
      Defined as:  No definitions.

      Interface:   None

      Called By:   OCE_ALLOC in OCE (Line 127, file oce.f90)

Name  Messages
----  --------
DOM_OCE
      Defined as:  No definitions.

      Used By:     OCE  (indirectly)

Name  Messages
----  --------
GET_UNIT in LIB_MPP
      Defined as:  No definitions.

                   No calls.  It is not called and does not use any procedure.

      Interface:   None

Name  Messages
----  --------
LIB_MPP
      Defined as:  No definitions.

      Used By:     OCE

Name  Messages
----  --------
MAXVAL(Intrinsic)
      Defined as:  No definitions.

      Interface:   None

      Called By:   OCE_ALLOC in OCE (Line 126, file oce.f90)

Name  Messages
----  --------
MPPBCAST_A_REAL in LIB_MPP
      Defined as:  No definitions.

                   No calls.  It is not called and does not use any procedure.

      Interface:   None

Name  Messages
----  --------
MPPGATHER in LIB_MPP
      Defined as:  No definitions.

                   No calls.  It is not called and does not use any procedure.

      Interface:   None

Name  Messages
----  --------
MPPMAX_A_INT in LIB_MPP
      Defined as:  No definitions.

                   No calls.  It is not called and does not use any procedure.

      Interface:   None

Name  Messages
----  --------
MPPMAX_A_REAL in LIB_MPP
      Defined as:  No definitions.

                   No calls.  It is not called and does not use any procedure.

      Interface:   None

Name  Messages
----  --------
MPPMAX_INT in LIB_MPP
      Defined as:  No definitions.

                   No calls.  It is not called and does not use any procedure.

      Interface:   None

Name  Messages
----  --------
MPPMAX_REAL in LIB_MPP
      Defined as:  No definitions.

                   No calls.  It is not called and does not use any procedure.

      Interface:   None

Name  Messages
----  --------
MPPMAX_REAL_MULTIPLE in LIB_MPP
      Defined as:  No definitions.

                   No calls.  It is not called and does not use any procedure.

      Interface:   None

Name  Messages
----  --------
MPPMIN_A_INT in LIB_MPP
      Defined as:  No definitions.

                   No calls.  It is not called and does not use any procedure.

      Interface:   None

Name  Messages
----  --------
MPPMIN_A_REAL in LIB_MPP
      Defined as:  No definitions.

                   No calls.  It is not called and does not use any procedure.

      Interface:   None

Name  Messages
----  --------
MPPMIN_INT in LIB_MPP
      Defined as:  No definitions.

                   No calls.  It is not called and does not use any procedure.

      Interface:   None

Name  Messages
----  --------
MPPMIN_REAL in LIB_MPP
      Defined as:  No definitions.

                   No calls.  It is not called and does not use any procedure.

      Interface:   None

Name  Messages
----  --------
MPPRECV in LIB_MPP
      Defined as:  No definitions.

                   No calls.  It is not called and does not use any procedure.

      Interface:   None

Name  Messages
----  --------
MPPSCATTER in LIB_MPP
      Defined as:  No definitions.

                   No calls.  It is not called and does not use any procedure.

      Interface:   None

Name  Messages
----  --------
MPPSEND in LIB_MPP
      Defined as:  No definitions.

                   No calls.  It is not called and does not use any procedure.

      Interface:   None

Name  Messages
----  --------
MPPSTOP in LIB_MPP
      Defined as:  No definitions.

                   No calls.  It is not called and does not use any procedure.

      Interface:   None

Name  Messages
----  --------
MPPSUM_A_INT in LIB_MPP
      Defined as:  No definitions.

                   No calls.  It is not called and does not use any procedure.

      Interface:   None

Name  Messages
----  --------
MPPSUM_A_REAL in LIB_MPP
      Defined as:  No definitions.

                   No calls.  It is not called and does not use any procedure.

      Interface:   None

Name  Messages
----  --------
MPPSUM_A_REALDD in LIB_MPP
      Defined as:  No definitions.

                   No calls.  It is not called and does not use any procedure.

      Interface:   None

Name  Messages
----  --------
MPPSUM_INT in LIB_MPP
      Defined as:  No definitions.

                   No calls.  It is not called and does not use any procedure.

      Interface:   None

Name  Messages
----  --------
MPPSUM_REAL in LIB_MPP
      Defined as:  No definitions.

                   No calls.  It is not called and does not use any procedure.

      Interface:   None

Name  Messages
----  --------
MPPSUM_REALDD in LIB_MPP
      Defined as:  No definitions.

                   No calls.  It is not called and does not use any procedure.

      Interface:   None

Name  Messages
----  --------
MPPSYNC in LIB_MPP
      Defined as:  No definitions.

                   No calls.  It is not called and does not use any procedure.

      Interface:   None

Name  Messages
----  --------
MPP_COMM_FREE in LIB_MPP
      Defined as:  No definitions.

                   No calls.  It is not called and does not use any procedure.

      Interface:   None

Name  Messages
----  --------
MPP_INI_ICE in LIB_MPP
      Defined as:  No definitions.

                   No calls.  It is not called and does not use any procedure.

      Interface:   None

Name  Messages
----  --------
MPP_INI_NORTH in LIB_MPP
      Defined as:  No definitions.

                   No calls.  It is not called and does not use any procedure.

      Interface:   None

Name  Messages
----  --------
MPP_INI_ZNL in LIB_MPP
      Defined as:  No definitions.

                   No calls.  It is not called and does not use any procedure.

      Interface:   None

Name  Messages
----  --------
MPP_LBC_NORTH_2D in LIB_MPP
      Defined as:  No definitions.

                   No calls.  It is not called and does not use any procedure.

      Interface:   None

Name  Messages
----  --------
MPP_LBC_NORTH_3D in LIB_MPP
      Defined as:  No definitions.

                   No calls.  It is not called and does not use any procedure.

      Interface:   None

Name  Messages
----  --------
MPP_LBC_NORTH_E in LIB_MPP
      Defined as:  No definitions.

                   No calls.  It is not called and does not use any procedure.

      Interface:   None

Name  Messages
----  --------
MPP_LBC_NORTH_ICB in LIB_MPP
      Defined as:  No definitions.

                   No calls.  It is not called and does not use any procedure.

      Interface:   None

Name  Messages
----  --------
MPP_LNK_2D in LIB_MPP
      Defined as:  No definitions.

                   No calls.  It is not called and does not use any procedure.

      Interface:   None

Name  Messages
----  --------
MPP_LNK_2D_9 in LIB_MPP
      Defined as:  No definitions.

                   No calls.  It is not called and does not use any procedure.

      Interface:   None

Name  Messages
----  --------
MPP_LNK_2D_E in LIB_MPP
      Defined as:  No definitions.

                   No calls.  It is not called and does not use any procedure.

      Interface:   None

Name  Messages
----  --------
MPP_LNK_2D_ICB in LIB_MPP
      Defined as:  No definitions.

                   No calls.  It is not called and does not use any procedure.

      Interface:   None

Name  Messages
----  --------
MPP_LNK_2D_MULTIPLE in LIB_MPP
      Defined as:  No definitions.

                   No calls.  It is not called and does not use any procedure.

      Interface:   None

Name  Messages
----  --------
MPP_LNK_3D in LIB_MPP
      Defined as:  No definitions.

                   No calls.  It is not called and does not use any procedure.

      Interface:   None

Name  Messages
----  --------
MPP_LNK_3D_GATHER in LIB_MPP
      Defined as:  No definitions.

                   No calls.  It is not called and does not use any procedure.

      Interface:   None

Name  Messages
----  --------
MPP_LNK_BDY_2D in LIB_MPP
      Defined as:  No definitions.

                   No calls.  It is not called and does not use any procedure.

      Interface:   None

Name  Messages
----  --------
MPP_LNK_BDY_3D in LIB_MPP
      Defined as:  No definitions.

                   No calls.  It is not called and does not use any procedure.

      Interface:   None

Name  Messages
----  --------
MPP_LNK_SUM_2D in LIB_MPP
      Defined as:  No definitions.

                   No calls.  It is not called and does not use any procedure.

      Interface:   None

Name  Messages
----  --------
MPP_LNK_SUM_3D in LIB_MPP
      Defined as:  No definitions.

                   No calls.  It is not called and does not use any procedure.

      Interface:   None

Name  Messages
----  --------
MPP_MAXLOC2D in LIB_MPP
      Defined as:  No definitions.

                   No calls.  It is not called and does not use any procedure.

      Interface:   None

Name  Messages
----  --------
MPP_MAXLOC3D in LIB_MPP
      Defined as:  No definitions.

                   No calls.  It is not called and does not use any procedure.

      Interface:   None

Name  Messages
----  --------
MPP_MINLOC2D in LIB_MPP
      Defined as:  No definitions.

                   No calls.  It is not called and does not use any procedure.

      Interface:   None

Name  Messages
----  --------
MPP_MINLOC3D in LIB_MPP
      Defined as:  No definitions.

                   No calls.  It is not called and does not use any procedure.

      Interface:   None

Name  Messages
----  --------
MYNODE in LIB_MPP
      Defined as:  No definitions.

                   No calls.  It is not called and does not use any procedure.

      Interface:   None

Name  Messages
----  --------
OCE
      Defined as:  Module (line 1, file oce.f90)

        Uses:      PAR_KIND  (indirectly)
                   LIB_MPP
                   PAR_OCE  (indirectly)
                   DOM_OCE  (indirectly)

Name  Messages
----  --------
OCE_ALLOC in OCE
      Defined as:  Function (line 17, file oce.f90)

      Interface:   None

      Calls:       CTL_WARN in LIB_MPP (Line 127, file oce.f90)
                   MAXVAL(Intrinsic) (Line 126, file oce.f90)

Name  Messages
----  --------
PAR_KIND
      Defined as:  No definitions.

      Used By:     OCE  (indirectly)

Name  Messages
----  --------
PAR_OCE
      Defined as:  No definitions.

      Used By:     OCE  (indirectly)


%%%%%%%%%%%%%%%%%%%%%%%%%%%%%%%%%%%%%%%%%%%%%%%%%%%%%%%%%%%%%%%%%%%%%%%%%%%%%%%%
%%%%%%%%%%%%%%%%%%%%%%%%%%%%%%%%%%%%%%%%%%%%%%%%%%%%%%%%%%%%%%%%%%%%%%%%%%%%%%%%
